// Jest Snapshot v1, https://goo.gl/fbAQLP

exports[`matches snapshot 1`] = `
<DocumentFragment>
  <div
    class="Todo"
  >
    <p
      class="Todo-text"
    >
      Test todo
    </p>
    <button
      class="Todo-btn"
    >
      X
    </button>
  </div>
</DocumentFragment>
`;
